
2025/09/05 02:14:27 [32m/Users/yuanyuexiang/Desktop/workspace/vista/internal/database/database.go:64
[0m[33m[29.959ms] [34;1m[rows:-][0m SELECT DATABASE()

2025/09/05 02:14:27 [32m/Users/yuanyuexiang/Desktop/workspace/vista/internal/database/database.go:64
[0m[33m[61.097ms] [34;1m[rows:1][0m SELECT SCHEMA_NAME from Information_schema.SCHEMATA where SCHEMA_NAME LIKE 'vista%' ORDER BY SCHEMA_NAME='vista' DESC,SCHEMA_NAME limit 1

2025/09/05 02:14:27 [32m/Users/yuanyuexiang/Desktop/workspace/vista/internal/database/database.go:64
[0m[33m[60.599ms] [34;1m[rows:-][0m SELECT count(*) FROM information_schema.tables WHERE table_schema = 'vista' AND table_name = 'wechat_users' AND table_type = 'BASE TABLE'

2025/09/05 02:14:27 [32m/Users/yuanyuexiang/Desktop/workspace/vista/internal/database/database.go:64
[0m[33m[30.538ms] [34;1m[rows:-][0m SELECT DATABASE()

2025/09/05 02:14:27 [32m/Users/yuanyuexiang/Desktop/workspace/vista/internal/database/database.go:64
[0m[33m[61.305ms] [34;1m[rows:1][0m SELECT SCHEMA_NAME from Information_schema.SCHEMATA where SCHEMA_NAME LIKE 'vista%' ORDER BY SCHEMA_NAME='vista' DESC,SCHEMA_NAME limit 1

2025/09/05 02:14:27 [32m/Users/yuanyuexiang/Desktop/workspace/vista/internal/database/database.go:64
[0m[33m[60.992ms] [34;1m[rows:-][0m SELECT * FROM `wechat_users` LIMIT 1

2025/09/05 02:14:27 [32m/Users/yuanyuexiang/Desktop/workspace/vista/internal/database/database.go:64
[0m[33m[61.513ms] [34;1m[rows:-][0m SELECT column_name, column_default, is_nullable = 'YES', data_type, character_maximum_length, column_type, column_key, extra, column_comment, numeric_precision, numeric_scale , datetime_precision FROM information_schema.columns WHERE table_schema = 'vista' AND table_name = 'wechat_users' ORDER BY ORDINAL_POSITION

2025/09/05 02:14:27 [32m
[0m[33m[31.278ms] [34;1m[rows:-][0m SELECT DATABASE()

2025/09/05 02:14:27 [32m
[0m[33m[60.349ms] [34;1m[rows:1][0m SELECT SCHEMA_NAME from Information_schema.SCHEMATA where SCHEMA_NAME LIKE 'vista%' ORDER BY SCHEMA_NAME='vista' DESC,SCHEMA_NAME limit 1

2025/09/05 02:14:27 [32m/Users/yuanyuexiang/Desktop/workspace/vista/internal/database/database.go:64
[0m[33m[60.513ms] [34;1m[rows:3][0m 
SELECT
	TABLE_NAME,
	COLUMN_NAME,
	INDEX_NAME,
	NON_UNIQUE 
FROM
	information_schema.STATISTICS 
WHERE
	TABLE_SCHEMA = 'vista' 
	AND TABLE_NAME = 'wechat_users' 
ORDER BY
	INDEX_NAME,
	SEQ_IN_INDEX

2025/09/05 02:14:27 [32m
[0m[33m[29.686ms] [34;1m[rows:-][0m SELECT DATABASE()

2025/09/05 02:14:28 [32m
[0m[33m[60.729ms] [34;1m[rows:1][0m SELECT SCHEMA_NAME from Information_schema.SCHEMATA where SCHEMA_NAME LIKE 'vista%' ORDER BY SCHEMA_NAME='vista' DESC,SCHEMA_NAME limit 1

2025/09/05 02:14:28 [32m
[0m[33m[61.262ms] [34;1m[rows:-][0m SELECT count(*) FROM INFORMATION_SCHEMA.table_constraints WHERE constraint_schema = 'vista' AND table_name = 'wechat_users' AND constraint_name = 'uni_wechat_users_open_id'

2025/09/05 02:14:28 [32m
[0m[33m[30.219ms] [34;1m[rows:-][0m SELECT DATABASE()

2025/09/05 02:14:28 [32m
[0m[33m[62.304ms] [34;1m[rows:1][0m SELECT SCHEMA_NAME from Information_schema.SCHEMATA where SCHEMA_NAME LIKE 'vista%' ORDER BY SCHEMA_NAME='vista' DESC,SCHEMA_NAME limit 1

2025/09/05 02:14:28 [32m
[0m[33m[61.926ms] [34;1m[rows:-][0m SELECT count(*) FROM information_schema.statistics WHERE table_schema = 'vista' AND table_name = 'wechat_users' AND index_name = 'idx_wechat_users_open_id'

2025/09/05 02:14:28 [32m/Users/yuanyuexiang/Desktop/workspace/vista/internal/database/database.go:64
[0m[33m[31.535ms] [34;1m[rows:-][0m SELECT DATABASE()

2025/09/05 02:14:28 [32m/Users/yuanyuexiang/Desktop/workspace/vista/internal/database/database.go:64
[0m[33m[60.315ms] [34;1m[rows:1][0m SELECT SCHEMA_NAME from Information_schema.SCHEMATA where SCHEMA_NAME LIKE 'vista%' ORDER BY SCHEMA_NAME='vista' DESC,SCHEMA_NAME limit 1

2025/09/05 02:14:28 [32m/Users/yuanyuexiang/Desktop/workspace/vista/internal/database/database.go:64
[0m[33m[61.417ms] [34;1m[rows:-][0m SELECT count(*) FROM information_schema.statistics WHERE table_schema = 'vista' AND table_name = 'wechat_users' AND index_name = 'idx_wechat_users_open_id'

2025/09/05 02:14:28 [32m/Users/yuanyuexiang/Desktop/workspace/vista/internal/database/database.go:64
[0m[33m[29.857ms] [34;1m[rows:-][0m SELECT DATABASE()

2025/09/05 02:14:28 [32m/Users/yuanyuexiang/Desktop/workspace/vista/internal/database/database.go:64
[0m[33m[60.626ms] [34;1m[rows:1][0m SELECT SCHEMA_NAME from Information_schema.SCHEMATA where SCHEMA_NAME LIKE 'vista%' ORDER BY SCHEMA_NAME='vista' DESC,SCHEMA_NAME limit 1

2025/09/05 02:14:28 [32m/Users/yuanyuexiang/Desktop/workspace/vista/internal/database/database.go:64
[0m[33m[60.310ms] [34;1m[rows:-][0m SELECT count(*) FROM information_schema.statistics WHERE table_schema = 'vista' AND table_name = 'wechat_users' AND index_name = 'idx_wechat_users_union_id'
2025/09/05 02:14:28 Database connected and migrated successfully
[GIN-debug] [WARNING] Creating an Engine instance with the Logger and Recovery middleware already attached.

[GIN-debug] [WARNING] Running in "debug" mode. Switch to "release" mode in production.
 - using env:	export GIN_MODE=release
 - using code:	gin.SetMode(gin.ReleaseMode)

[GIN-debug] GET    /wechat/auth              --> vista/internal/handler.WechatAuth (6 handlers)
[GIN-debug] GET    /wechat/callback          --> vista/internal/handler.WechatCallback (6 handlers)
[GIN-debug] GET    /health                   --> vista/internal/handler.HealthCheck (6 handlers)
Server starting on port 8080
WeChat Auth URL: http://localhost:8080/wechat/auth
WeChat Callback URL: http://localhost:8080/wechat/callback
::1 - [Fri, 05 Sep 2025 02:14:36 CST] "GET /health HTTP/1.1 200 31.390792ms "curl/8.7.1" "
[GIN] 2025/09/05 - 02:14:36 | 200 |   31.547632ms |             ::1 | GET      "/health"
::1 - [Fri, 05 Sep 2025 02:14:40 CST] "GET /wechat/auth HTTP/1.1 302 685.549µs "curl/8.7.1" "
[GIN] 2025/09/05 - 02:14:40 | 302 |     729.763µs |             ::1 | GET      "/wechat/auth"
::1 - [Fri, 05 Sep 2025 02:14:47 CST] "GET /nonexistent HTTP/1.1 404 35.882µs "curl/8.7.1" "
[GIN] 2025/09/05 - 02:14:47 | 404 |      85.192µs |             ::1 | GET      "/nonexistent"
Shutting down server...
Server exited gracefully
